EN afifo NULL C:/Users/FPGA/Desktop/fpga-filter-hardware-20181127/afifo.vhd sub00/vhpl33 1546936827
EN detector NULL C:/Users/FPGA/Desktop/fpga-filter-hardware-20181127/detector.vhd sub00/vhpl08 1546936802
AR dpbram struct C:/Users/FPGA/Desktop/fpga-filter-hardware-20181127/dpbram.vhd sub00/vhpl19 1546936813
AR reg_sync rtl C:/Users/FPGA/Desktop/fpga-filter-hardware-20181127/reg_sync.vhd sub00/vhpl39 1546936833
EN reg_sync NULL C:/Users/FPGA/Desktop/fpga-filter-hardware-20181127/reg_sync.vhd sub00/vhpl38 1546936832
AR zbtsram_port mixed C:/Users/FPGA/Desktop/fpga-filter-hardware-20181127/zbtsram_port.vhd sub00/vhpl47 1546936841
EN user_app NULL C:/Users/FPGA/Desktop/fpga-filter-hardware-20181127/user_app.vhd sub00/vhpl57 1546936851
AR distmem struct C:/Users/FPGA/Desktop/fpga-filter-hardware-20181127/distmem.vhd sub00/vhpl21 1546936815
AR dcm_standby dcm_standby C:/Users/FPGA/Desktop/fpga-filter-hardware-20181127/dcm_standby.vhd sub00/vhpl36 1546936830
AR count2tc_sync rtl C:/Users/FPGA/Desktop/fpga-filter-hardware-20181127/count2tc_sync.vhd sub00/vhpl11 1546936805
PB dpmem dpmem C:/Users/FPGA/Desktop/fpga-filter-hardware-20181127/dpmem_pkg.vhd sub00/vhpl01 1546936795
EN dpbram0 NULL C:/Users/FPGA/Desktop/fpga-filter-hardware-20181127/dpbram0.vhd sub00/vhpl06 1546936800
MO week3_memory NULL week3_memory.v vlg13/week3__memory.bin 1546936793
MO filter_unit NULL filter_unit.v vlg69/filter__unit.bin 1546936793
AR lclk_dcm struct C:/Users/FPGA/Desktop/fpga-filter-hardware-20181127/lclk_dcm_v4.vhd sub00/vhpl60 1546936854
EN dpbram NULL C:/Users/FPGA/Desktop/fpga-filter-hardware-20181127/dpbram.vhd sub00/vhpl18 1546936812
AR ringosc ringosc C:/Users/FPGA/Desktop/fpga-filter-hardware-20181127/ringosc.vhd sub00/vhpl23 1546936817
PH standby_pkg NULL C:/Users/FPGA/Desktop/fpga-filter-hardware-20181127/standby_pkg.vhd sub00/vhpl02 1546936796
EN ringosc NULL C:/Users/FPGA/Desktop/fpga-filter-hardware-20181127/ringosc.vhd sub00/vhpl22 1546936816
AR detector rtl C:/Users/FPGA/Desktop/fpga-filter-hardware-20181127/detector.vhd sub00/vhpl09 1546936803
AR spd_i2c mixed C:/Users/FPGA/Desktop/fpga-filter-hardware-20181127/spd_i2c.vhd sub00/vhpl54 1546936848
EN memory_banks NULL C:/Users/FPGA/Desktop/fpga-filter-hardware-20181127/memory_banks-xrc4sx.vhd sub00/vhpl51 1546936845
AR drp_robot mixed C:/Users/FPGA/Desktop/fpga-filter-hardware-20181127/drp_robot.vhd sub00/vhpl13 1546936807
PB memif_int memif_int C:/Users/FPGA/Desktop/fpga-filter-hardware-20181127/memif_int_pkg.vhd sub00/vhpl28 1546936822
PH user_defs NULL C:/Users/FPGA/Desktop/fpga-filter-hardware-20181127/user_defs_pkg-xrc4sx.vhd sub00/vhpl37 1546936831
EN lclk_dcm NULL C:/Users/FPGA/Desktop/fpga-filter-hardware-20181127/lclk_dcm_v4.vhd sub00/vhpl59 1546936853
EN user_reg_sync NULL C:/Users/FPGA/Desktop/fpga-filter-hardware-20181127/user_reg_sync.vhd sub00/vhpl55 1546936849
AR memory struct C:/Users/FPGA/Desktop/fpga-filter-hardware-20181127/memory-xrc4sx.vhd sub00/vhpl64 1546936858
EN distmem0 NULL C:/Users/FPGA/Desktop/fpga-filter-hardware-20181127/distmem0.vhd sub00/vhpl04 1546936798
AR plxdssm rtl C:/Users/FPGA/Desktop/fpga-filter-hardware-20181127/plxdssm.vhd sub00/vhpl50 1546936844
PH localbus NULL C:/Users/FPGA/Desktop/fpga-filter-hardware-20181127/localbus_pkg.vhd sub00/vhpl48 1546936842
MO sobelfilter NULL sobelfilter.v vlg47/sobelfilter.bin 1546936793
EN count2tc_sync NULL C:/Users/FPGA/Desktop/fpga-filter-hardware-20181127/count2tc_sync.vhd sub00/vhpl10 1546936804
MO sort_column NULL sort_column.v vlg49/sort__column.bin 1546936793
MO cmp_unit NULL cmp_unit.v vlg3B/cmp__unit.bin 1546936793
PB fifo fifo C:/Users/FPGA/Desktop/fpga-filter-hardware-20181127/fifo_pkg.vhd sub00/vhpl17 1546936811
AR standby standby C:/Users/FPGA/Desktop/fpga-filter-hardware-20181127/standby.vhd sub00/vhpl25 1546936819
EN memory_main NULL C:/Users/FPGA/Desktop/fpga-filter-hardware-20181127/memory_main.vhd sub00/vhpl61 1546936855
EN arbiter_2 NULL C:/Users/FPGA/Desktop/fpga-filter-hardware-20181127/arbiter_2.vhd sub00/vhpl44 1546936838
EN spd_i2c NULL C:/Users/FPGA/Desktop/fpga-filter-hardware-20181127/spd_i2c.vhd sub00/vhpl53 1546936847
EN arbiter_4 NULL C:/Users/FPGA/Desktop/fpga-filter-hardware-20181127/arbiter_4.vhd sub00/vhpl29 1546936823
EN memory NULL C:/Users/FPGA/Desktop/fpga-filter-hardware-20181127/memory-xrc4sx.vhd sub00/vhpl63 1546936857
AR afifo mixed C:/Users/FPGA/Desktop/fpga-filter-hardware-20181127/afifo.vhd sub00/vhpl34 1546936828
PB memif memif C:/Users/FPGA/Desktop/fpga-filter-hardware-20181127/memif_pkg.vhd sub00/vhpl15 1546936809
PB standby_pkg standby_pkg C:/Users/FPGA/Desktop/fpga-filter-hardware-20181127/standby_pkg.vhd sub00/vhpl03 1546936797
EN drp_robot NULL C:/Users/FPGA/Desktop/fpga-filter-hardware-20181127/drp_robot.vhd sub00/vhpl12 1546936806
AR arbiter_2 struct C:/Users/FPGA/Desktop/fpga-filter-hardware-20181127/arbiter_2.vhd sub00/vhpl45 1546936839
AR arbiter_4 rtl C:/Users/FPGA/Desktop/fpga-filter-hardware-20181127/arbiter_4.vhd sub00/vhpl30 1546936824
AR pulse_sync rtl C:/Users/FPGA/Desktop/fpga-filter-hardware-20181127/pulse_sync.vhd sub00/vhpl32 1546936826
PH memif_int NULL C:/Users/FPGA/Desktop/fpga-filter-hardware-20181127/memif_int_pkg.vhd sub00/vhpl27 1546936821
EN zbtsram_port NULL C:/Users/FPGA/Desktop/fpga-filter-hardware-20181127/zbtsram_port.vhd sub00/vhpl46 1546936840
AR memclk struct C:/Users/FPGA/Desktop/fpga-filter-hardware-20181127/memclk-xrc4sx.vhd sub00/vhpl41 1546936835
MO sqrt NULL sqrt.v vlg5E/sqrt.bin 1546936793
PH dpmem NULL C:/Users/FPGA/Desktop/fpga-filter-hardware-20181127/dpmem_pkg.vhd sub00/vhpl00 1546936794
EN dcm_standby NULL C:/Users/FPGA/Desktop/fpga-filter-hardware-20181127/dcm_standby.vhd sub00/vhpl35 1546936829
EN async_port NULL C:/Users/FPGA/Desktop/fpga-filter-hardware-20181127/async_port.vhd sub00/vhpl42 1546936836
MO abs NULL abs.v vlg56/abs.bin 1546936793
AR async_port mixed C:/Users/FPGA/Desktop/fpga-filter-hardware-20181127/async_port.vhd sub00/vhpl43 1546936837
MO operation NULL operation.v vlg35/operation.bin 1546936793
MO compare NULL compare.v vlg5B/compare.bin 1546936793
EN memclk NULL C:/Users/FPGA/Desktop/fpga-filter-hardware-20181127/memclk-xrc4sx.vhd sub00/vhpl40 1546936834
MO filter NULL filter.v vlg72/filter.bin 1546936793
AR distmem0 struct C:/Users/FPGA/Desktop/fpga-filter-hardware-20181127/distmem0.vhd sub00/vhpl05 1546936799
PH memif NULL C:/Users/FPGA/Desktop/fpga-filter-hardware-20181127/memif_pkg.vhd sub00/vhpl14 1546936808
AR user_reg_sync rtl C:/Users/FPGA/Desktop/fpga-filter-hardware-20181127/user_reg_sync.vhd sub00/vhpl56 1546936850
PH memory_common NULL C:/Users/FPGA/Desktop/fpga-filter-hardware-20181127/memory_common_pkg.vhd sub00/vhpl26 1546936820
MO blockram_10b1024 NULL ./blockram_10b1024.v vlg70/blockram__10b1024.bin 1546936793
EN pulse_sync NULL C:/Users/FPGA/Desktop/fpga-filter-hardware-20181127/pulse_sync.vhd sub00/vhpl31 1546936825
EN distmem NULL C:/Users/FPGA/Desktop/fpga-filter-hardware-20181127/distmem.vhd sub00/vhpl20 1546936814
AR memory_main mixed C:/Users/FPGA/Desktop/fpga-filter-hardware-20181127/memory_main.vhd sub00/vhpl62 1546936856
AR dpbram0 struct C:/Users/FPGA/Desktop/fpga-filter-hardware-20181127/dpbram0.vhd sub00/vhpl07 1546936801
MO medianfilter NULL medianfilter.v vlg70/medianfilter.bin 1546936793
AR user_app mixed C:/Users/FPGA/Desktop/fpga-filter-hardware-20181127/user_app.vhd sub00/vhpl58 1546936852
MO Queue2 NULL Queue.v vlg53/_queue2.bin 1546936793
EN plxdssm NULL C:/Users/FPGA/Desktop/fpga-filter-hardware-20181127/plxdssm.vhd sub00/vhpl49 1546936843
PH fifo NULL C:/Users/FPGA/Desktop/fpga-filter-hardware-20181127/fifo_pkg.vhd sub00/vhpl16 1546936810
EN standby NULL C:/Users/FPGA/Desktop/fpga-filter-hardware-20181127/standby.vhd sub00/vhpl24 1546936818
AR memory_banks mixed C:/Users/FPGA/Desktop/fpga-filter-hardware-20181127/memory_banks-xrc4sx.vhd sub00/vhpl52 1546936846
