V3 221
FL C:/Users/FPGA/Desktop/fpga-filter-hardware-20181127/afifo.vhd 2018/10/16.16:04:24 J.40
EN work/afifo 1546936827 \
      FL C:/Users/FPGA/Desktop/fpga-filter-hardware-20181127/afifo.vhd \
      PB ieee/std_logic_1164 1192821031 PB ieee/STD_LOGIC_UNSIGNED 1192821033 \
      PB ieee/std_logic_arith 1192821032 PB ieee/std_logic_misc 1192821032 \
      PB work/dpmem 1546936795 PB work/fifo 1546936811
AR work/afifo/mixed 1546936828 \
      FL C:/Users/FPGA/Desktop/fpga-filter-hardware-20181127/afifo.vhd \
      EN work/afifo 1546936827 PB work/dpmem 1546936795 CP dpbram CP distmem
FL C:/Users/FPGA/Desktop/fpga-filter-hardware-20181127/arbiter_2.vhd 2018/10/16.16:04:25 J.40
EN work/arbiter_2 1546936838 \
      FL C:/Users/FPGA/Desktop/fpga-filter-hardware-20181127/arbiter_2.vhd \
      PB ieee/std_logic_1164 1192821031 PB ieee/STD_LOGIC_UNSIGNED 1192821033 \
      PB ieee/std_logic_arith 1192821032 PB ieee/std_logic_misc 1192821032 \
      PB work/memif 1546936809
AR work/arbiter_2/struct 1546936839 \
      FL C:/Users/FPGA/Desktop/fpga-filter-hardware-20181127/arbiter_2.vhd \
      EN work/arbiter_2 1546936838 CP arbiter_4
FL C:/Users/FPGA/Desktop/fpga-filter-hardware-20181127/arbiter_4.vhd 2018/10/16.16:04:26 J.40
EN work/arbiter_4 1546936823 \
      FL C:/Users/FPGA/Desktop/fpga-filter-hardware-20181127/arbiter_4.vhd \
      PB ieee/std_logic_1164 1192821031 PB ieee/STD_LOGIC_UNSIGNED 1192821033 \
      PB ieee/std_logic_arith 1192821032 PB ieee/std_logic_misc 1192821032 \
      PB work/memif 1546936809
AR work/arbiter_4/rtl 1546936824 \
      FL C:/Users/FPGA/Desktop/fpga-filter-hardware-20181127/arbiter_4.vhd \
      EN work/arbiter_4 1546936823
FL C:/Users/FPGA/Desktop/fpga-filter-hardware-20181127/async_port.vhd 2018/10/16.16:04:27 J.40
EN work/async_port 1546936836 \
      FL C:/Users/FPGA/Desktop/fpga-filter-hardware-20181127/async_port.vhd \
      PB ieee/std_logic_1164 1192821031 PB ieee/STD_LOGIC_UNSIGNED 1192821033 \
      PB ieee/std_logic_arith 1192821032 PB ieee/std_logic_misc 1192821032 \
      PB work/fifo 1546936811 PB work/memif 1546936809
AR work/async_port/mixed 1546936837 \
      FL C:/Users/FPGA/Desktop/fpga-filter-hardware-20181127/async_port.vhd \
      EN work/async_port 1546936836 PB work/fifo 1546936811 CP pulse_sync CP afifo
FL C:/Users/FPGA/Desktop/fpga-filter-hardware-20181127/count2tc_sync.vhd 2018/10/16.16:04:24 J.40
EN work/count2tc_sync 1546936804 \
      FL C:/Users/FPGA/Desktop/fpga-filter-hardware-20181127/count2tc_sync.vhd \
      PB ieee/std_logic_1164 1192821031 PB ieee/std_logic_arith 1192821032 \
      PB ieee/STD_LOGIC_UNSIGNED 1192821033 PB work/standby_pkg 1546936797
AR work/count2tc_sync/rtl 1546936805 \
      FL C:/Users/FPGA/Desktop/fpga-filter-hardware-20181127/count2tc_sync.vhd \
      EN work/count2tc_sync 1546936804
FL C:/Users/FPGA/Desktop/fpga-filter-hardware-20181127/dcm_standby.vhd 2018/10/16.16:04:25 J.40
EN work/dcm_standby 1546936829 \
      FL C:/Users/FPGA/Desktop/fpga-filter-hardware-20181127/dcm_standby.vhd \
      PB ieee/std_logic_1164 1192821031 PH ieee/NUMERIC_STD 1192821033 \
      PB ieee/STD_LOGIC_UNSIGNED 1192821033 LB UNISIM PH unisim/VCOMPONENTS 1194566982 \
      PB work/standby_pkg 1546936797
AR work/dcm_standby/dcm_standby 1546936830 \
      FL C:/Users/FPGA/Desktop/fpga-filter-hardware-20181127/dcm_standby.vhd \
      EN work/dcm_standby 1546936829 CP RINGOSC CP STANDBY CP BUFGCTRL
FL C:/Users/FPGA/Desktop/fpga-filter-hardware-20181127/detector.vhd 2018/10/16.16:04:27 J.40
EN work/detector 1546936802 \
      FL C:/Users/FPGA/Desktop/fpga-filter-hardware-20181127/detector.vhd \
      PB ieee/std_logic_1164 1192821031 LB UNISIM PH unisim/VCOMPONENTS 1194566982 \
      PB work/standby_pkg 1546936797
AR work/detector/rtl 1546936803 \
      FL C:/Users/FPGA/Desktop/fpga-filter-hardware-20181127/detector.vhd \
      EN work/detector 1546936802 CP FDC CP FDC_1 CP FD
FL C:/Users/FPGA/Desktop/fpga-filter-hardware-20181127/distmem.vhd 2018/10/16.16:04:26 J.40
EN work/distmem 1546936814 \
      FL C:/Users/FPGA/Desktop/fpga-filter-hardware-20181127/distmem.vhd \
      PB ieee/std_logic_1164 1192821031 PB ieee/STD_LOGIC_UNSIGNED 1192821033 \
      PB ieee/std_logic_arith 1192821032 PB ieee/std_logic_misc 1192821032 \
      PB work/dpmem 1546936795
AR work/distmem/struct 1546936815 \
      FL C:/Users/FPGA/Desktop/fpga-filter-hardware-20181127/distmem.vhd \
      EN work/distmem 1546936814 CP distmem0
FL C:/Users/FPGA/Desktop/fpga-filter-hardware-20181127/distmem0.vhd 2018/10/16.16:04:24 J.40
EN work/distmem0 1546936798 \
      FL C:/Users/FPGA/Desktop/fpga-filter-hardware-20181127/distmem0.vhd \
      PB ieee/std_logic_1164 1192821031 PB ieee/STD_LOGIC_UNSIGNED 1192821033 \
      PB ieee/std_logic_arith 1192821032 PB ieee/std_logic_misc 1192821032 \
      PB work/dpmem 1546936795
AR work/distmem0/struct 1546936799 \
      FL C:/Users/FPGA/Desktop/fpga-filter-hardware-20181127/distmem0.vhd \
      EN work/distmem0 1546936798 CP RAM16X1D CP RAM32X1D CP RAM64X1D CP RAM128X1D
FL C:/Users/FPGA/Desktop/fpga-filter-hardware-20181127/dpbram.vhd 2018/10/16.16:04:24 J.40
EN work/dpbram 1546936812 \
      FL C:/Users/FPGA/Desktop/fpga-filter-hardware-20181127/dpbram.vhd \
      PB ieee/std_logic_1164 1192821031 PB ieee/STD_LOGIC_UNSIGNED 1192821033 \
      PB ieee/std_logic_arith 1192821032 PB ieee/std_logic_misc 1192821032 \
      PB work/dpmem 1546936795
AR work/dpbram/struct 1546936813 \
      FL C:/Users/FPGA/Desktop/fpga-filter-hardware-20181127/dpbram.vhd \
      EN work/dpbram 1546936812 CP dpbram0
FL C:/Users/FPGA/Desktop/fpga-filter-hardware-20181127/dpbram0.vhd 2018/10/16.16:04:26 J.40
EN work/dpbram0 1546936800 \
      FL C:/Users/FPGA/Desktop/fpga-filter-hardware-20181127/dpbram0.vhd \
      PB ieee/std_logic_1164 1192821031 PB ieee/STD_LOGIC_UNSIGNED 1192821033 \
      PB ieee/std_logic_arith 1192821032 PB ieee/std_logic_misc 1192821032 \
      PB work/dpmem 1546936795
AR work/dpbram0/struct 1546936801 \
      FL C:/Users/FPGA/Desktop/fpga-filter-hardware-20181127/dpbram0.vhd \
      EN work/dpbram0 1546936800 CP RAMB4_S1_S1 CP RAMB4_S1_S2 CP RAMB4_S1_S4 \
      CP RAMB4_S1_S8 CP RAMB4_S1_S16 CP RAMB4_S2_S2 CP RAMB4_S2_S4 CP RAMB4_S2_S8 \
      CP RAMB4_S2_S16 CP RAMB4_S4_S4 CP RAMB4_S4_S8 CP RAMB4_S4_S16 CP RAMB4_S8_S8 \
      CP RAMB4_S8_S16 CP RAMB4_S16_S16 CP RAMB16_S1_S1 CP RAMB16_S1_S2 \
      CP RAMB16_S1_S4 CP RAMB16_S1_S9 CP RAMB16_S1_S18 CP RAMB16_S1_S36 \
      CP RAMB16_S2_S2 CP RAMB16_S2_S4 CP RAMB16_S2_S9 CP RAMB16_S2_S18 \
      CP RAMB16_S2_S36 CP RAMB16_S4_S4 CP RAMB16_S4_S9 CP RAMB16_S4_S18 \
      CP RAMB16_S4_S36 CP RAMB16_S9_S9 CP RAMB16_S9_S18 CP RAMB16_S9_S36 \
      CP RAMB16_S18_S18 CP RAMB16_S18_S36 CP RAMB16_S36_S36
FL C:/Users/FPGA/Desktop/fpga-filter-hardware-20181127/dpmem_pkg.vhd 2018/10/16.16:04:27 J.40
PH work/dpmem 1546936794 \
      FL C:/Users/FPGA/Desktop/fpga-filter-hardware-20181127/dpmem_pkg.vhd \
      PB ieee/std_logic_1164 1192821031 CD dpbram CD dpbram0 CD distmem CD distmem0
PB work/dpmem 1546936795 \
      FL C:/Users/FPGA/Desktop/fpga-filter-hardware-20181127/dpmem_pkg.vhd \
      PH work/dpmem 1546936794
FL C:/Users/FPGA/Desktop/fpga-filter-hardware-20181127/drp_robot.vhd 2018/10/16.16:04:26 J.40
EN work/DRP_ROBOT 1546936806 \
      FL C:/Users/FPGA/Desktop/fpga-filter-hardware-20181127/drp_robot.vhd \
      PB ieee/std_logic_1164 1192821031 LB UNISIM PH unisim/VCOMPONENTS 1194566982 \
      PB work/standby_pkg 1546936797
AR work/DRP_ROBOT/mixed 1546936807 \
      FL C:/Users/FPGA/Desktop/fpga-filter-hardware-20181127/drp_robot.vhd \
      EN work/DRP_ROBOT 1546936806 CP RAM16X8S
FL C:/Users/FPGA/Desktop/fpga-filter-hardware-20181127/fifo_pkg.vhd 2018/10/16.16:04:26 J.40
PH work/fifo 1546936810 \
      FL C:/Users/FPGA/Desktop/fpga-filter-hardware-20181127/fifo_pkg.vhd \
      PB ieee/std_logic_1164 1192821031 CD afifo CD sfifo CD sfifop
PB work/fifo 1546936811 \
      FL C:/Users/FPGA/Desktop/fpga-filter-hardware-20181127/fifo_pkg.vhd \
      PH work/fifo 1546936810
FL C:/Users/FPGA/Desktop/fpga-filter-hardware-20181127/lclk_dcm_v4.vhd 2018/10/16.16:04:24 J.40
EN work/lclk_dcm 1546936853 \
      FL C:/Users/FPGA/Desktop/fpga-filter-hardware-20181127/lclk_dcm_v4.vhd \
      PB ieee/std_logic_1164 1192821031 PB ieee/std_logic_arith 1192821032 \
      PB ieee/std_logic_misc 1192821032 PB ieee/STD_LOGIC_UNSIGNED 1192821033
AR work/lclk_dcm/struct 1546936854 \
      FL C:/Users/FPGA/Desktop/fpga-filter-hardware-20181127/lclk_dcm_v4.vhd \
      EN work/lclk_dcm 1546936853 CP IBUFG CP DCM_STANDBY CP BUFG
FL C:/Users/FPGA/Desktop/fpga-filter-hardware-20181127/localbus_pkg.vhd 2018/10/16.16:04:26 J.40
PH work/localbus 1546936842 \
      FL C:/Users/FPGA/Desktop/fpga-filter-hardware-20181127/localbus_pkg.vhd \
      PB ieee/std_logic_1164 1192821031 CD plxddsm CD plxddsm2 CD plxdmsm CD plxdssm
FL C:/Users/FPGA/Desktop/fpga-filter-hardware-20181127/memclk-xrc4sx.vhd 2018/10/16.16:04:28 J.40
EN work/memclk 1546936834 \
      FL C:/Users/FPGA/Desktop/fpga-filter-hardware-20181127/memclk-xrc4sx.vhd \
      PB ieee/std_logic_1164 1192821031 PB ieee/std_logic_arith 1192821032 \
      PB ieee/std_logic_misc 1192821032 PB ieee/STD_LOGIC_UNSIGNED 1192821033
AR work/memclk/struct 1546936835 \
      FL C:/Users/FPGA/Desktop/fpga-filter-hardware-20181127/memclk-xrc4sx.vhd \
      EN work/memclk 1546936834 CP DCM_STANDBY CP BUFG CP IBUFG CP FDDRRSE
FL C:/Users/FPGA/Desktop/fpga-filter-hardware-20181127/memif_int_pkg.vhd 2018/10/16.16:04:26 J.40
PH work/memif_int 1546936821 \
      FL C:/Users/FPGA/Desktop/fpga-filter-hardware-20181127/memif_int_pkg.vhd \
      PB ieee/std_logic_1164 1192821031 PB ieee/STD_LOGIC_UNSIGNED 1192821033 \
      PB ieee/std_logic_arith 1192821032 PB ieee/std_logic_misc 1192821032 \
      CD cmd_fifo
PB work/memif_int 1546936822 \
      FL C:/Users/FPGA/Desktop/fpga-filter-hardware-20181127/memif_int_pkg.vhd \
      PH work/memif_int 1546936821
FL C:/Users/FPGA/Desktop/fpga-filter-hardware-20181127/memif_pkg.vhd 2018/10/16.16:04:26 J.40
PH work/memif 1546936808 \
      FL C:/Users/FPGA/Desktop/fpga-filter-hardware-20181127/memif_pkg.vhd \
      PB ieee/std_logic_1164 1192821031 PB ieee/STD_LOGIC_UNSIGNED 1192821033 \
      PB ieee/std_logic_arith 1192821032 PB ieee/std_logic_misc 1192821032 \
      CD arbiter_2 CD arbiter_3 CD arbiter_4 CD async_port CD blockram_port \
      CD ddrsdram_port CD ddr2sdram_port CD ddrsdram_port_v2 \
      CD ddrsdram_training_v2 CD ddr2sram_port CD ddr2sram_port_v2 \
      CD ddr2sram_port_v4 CD ddr2sram_training_v2 CD memory_test CD port_mux \
      CD port_repl CD pulse_sync CD spd_i2c CD zbtsram_port
PB work/memif 1546936809 \
      FL C:/Users/FPGA/Desktop/fpga-filter-hardware-20181127/memif_pkg.vhd \
      PH work/memif 1546936808
FL C:/Users/FPGA/Desktop/fpga-filter-hardware-20181127/memory-xrc4sx.vhd 2018/10/16.16:04:26 J.40
EN work/memory 1546936857 \
      FL C:/Users/FPGA/Desktop/fpga-filter-hardware-20181127/memory-xrc4sx.vhd \
      PB ieee/std_logic_1164 1192821031 PB ieee/std_logic_arith 1192821032 \
      PB ieee/std_logic_misc 1192821032 PB ieee/STD_LOGIC_UNSIGNED 1192821033 \
      PB work/memif 1546936809
AR work/memory/struct 1546936858 \
      FL C:/Users/FPGA/Desktop/fpga-filter-hardware-20181127/memory-xrc4sx.vhd \
      EN work/memory 1546936857 CP IBUFGDS CP BUFG CP lclk_dcm CP memory_main
FL C:/Users/FPGA/Desktop/fpga-filter-hardware-20181127/memory_banks-xrc4sx.vhd 2018/10/16.16:04:27 J.40
EN work/memory_banks 1546936845 \
      FL C:/Users/FPGA/Desktop/fpga-filter-hardware-20181127/memory_banks-xrc4sx.vhd \
      PB ieee/std_logic_1164 1192821031 PB ieee/std_logic_arith 1192821032 \
      PB ieee/std_logic_misc 1192821032 PB work/memif 1546936809 \
      PH work/memory_common 1546936820
AR work/memory_banks/mixed 1546936846 \
      FL C:/Users/FPGA/Desktop/fpga-filter-hardware-20181127/memory_banks-xrc4sx.vhd \
      EN work/memory_banks 1546936845 CP memclk CP async_port CP arbiter_2 \
      CP zbtsram_port
FL C:/Users/FPGA/Desktop/fpga-filter-hardware-20181127/memory_common_pkg.vhd 2018/10/16.16:04:27 J.40
PH work/memory_common 1546936820 \
      FL C:/Users/FPGA/Desktop/fpga-filter-hardware-20181127/memory_common_pkg.vhd \
      PB ieee/std_logic_1164 1192821031 PB ieee/std_logic_arith 1192821032 \
      PB ieee/std_logic_misc 1192821032 PB ieee/STD_LOGIC_UNSIGNED 1192821033 \
      PB work/memif 1546936809 CD memory_main CD memory_banks CD reg_sync \
      CD user_app CD user_reg_sync
FL C:/Users/FPGA/Desktop/fpga-filter-hardware-20181127/memory_main.vhd 2018/10/16.16:04:27 J.40
EN work/memory_main 1546936855 \
      FL C:/Users/FPGA/Desktop/fpga-filter-hardware-20181127/memory_main.vhd \
      PB ieee/std_logic_1164 1192821031 PB ieee/std_logic_arith 1192821032 \
      PB ieee/std_logic_misc 1192821032 PB ieee/STD_LOGIC_UNSIGNED 1192821033 \
      PH work/localbus 1546936842 PB work/memif 1546936809 PH work/memory_common 1546936820
AR work/memory_main/mixed 1546936856 \
      FL C:/Users/FPGA/Desktop/fpga-filter-hardware-20181127/memory_main.vhd \
      EN work/memory_main 1546936855 CP plxdssm CP memory_banks CP spd_i2c \
      CP user_reg_sync CP user_app
FL C:/Users/FPGA/Desktop/fpga-filter-hardware-20181127/plxdssm.vhd 2018/10/16.16:04:28 J.40
EN work/plxdssm 1546936843 \
      FL C:/Users/FPGA/Desktop/fpga-filter-hardware-20181127/plxdssm.vhd \
      PB ieee/std_logic_1164 1192821031 PB ieee/STD_LOGIC_UNSIGNED 1192821033 \
      PB ieee/std_logic_arith 1192821032 PB ieee/std_logic_misc 1192821032
AR work/plxdssm/rtl 1546936844 \
      FL C:/Users/FPGA/Desktop/fpga-filter-hardware-20181127/plxdssm.vhd \
      EN work/plxdssm 1546936843
FL C:/Users/FPGA/Desktop/fpga-filter-hardware-20181127/pulse_sync.vhd 2018/10/16.16:04:27 J.40
EN work/pulse_sync 1546936825 \
      FL C:/Users/FPGA/Desktop/fpga-filter-hardware-20181127/pulse_sync.vhd \
      PB ieee/std_logic_1164 1192821031 PB ieee/STD_LOGIC_UNSIGNED 1192821033 \
      PB ieee/std_logic_arith 1192821032
AR work/pulse_sync/rtl 1546936826 \
      FL C:/Users/FPGA/Desktop/fpga-filter-hardware-20181127/pulse_sync.vhd \
      EN work/pulse_sync 1546936825 CP FDCE
FL C:/Users/FPGA/Desktop/fpga-filter-hardware-20181127/reg_sync.vhd 2018/10/16.16:04:26 J.40
EN work/reg_sync 1546936832 \
      FL C:/Users/FPGA/Desktop/fpga-filter-hardware-20181127/reg_sync.vhd \
      PB ieee/std_logic_1164 1192821031 PB ieee/STD_LOGIC_UNSIGNED 1192821033 \
      PB ieee/std_logic_arith 1192821032 PB work/memif 1546936809
AR work/reg_sync/rtl 1546936833 \
      FL C:/Users/FPGA/Desktop/fpga-filter-hardware-20181127/reg_sync.vhd \
      EN work/reg_sync 1546936832
FL C:/Users/FPGA/Desktop/fpga-filter-hardware-20181127/ringosc.vhd 2018/10/16.16:04:27 J.40
EN work/ringosc 1546936816 \
      FL C:/Users/FPGA/Desktop/fpga-filter-hardware-20181127/ringosc.vhd \
      PB ieee/std_logic_1164 1192821031 PB ieee/std_logic_arith 1192821032 \
      PB ieee/STD_LOGIC_UNSIGNED 1192821033 LB UNISIM PH unisim/VCOMPONENTS 1194566982
AR work/ringosc/RINGOSC 1546936817 \
      FL C:/Users/FPGA/Desktop/fpga-filter-hardware-20181127/ringosc.vhd \
      EN work/ringosc 1546936816 CP string CP LABEL CP FDCPE CP MUXF5 CP SRL16 CP FDP
FL C:/Users/FPGA/Desktop/fpga-filter-hardware-20181127/spd_i2c.vhd 2018/10/16.16:04:27 J.40
EN work/spd_i2c 1546936847 \
      FL C:/Users/FPGA/Desktop/fpga-filter-hardware-20181127/spd_i2c.vhd \
      PB ieee/std_logic_1164 1192821031 PB ieee/STD_LOGIC_UNSIGNED 1192821033 \
      PB ieee/std_logic_arith 1192821032 PB ieee/std_logic_misc 1192821032 \
      PB work/memif 1546936809
AR work/spd_i2c/mixed 1546936848 \
      FL C:/Users/FPGA/Desktop/fpga-filter-hardware-20181127/spd_i2c.vhd \
      EN work/spd_i2c 1546936847
FL C:/Users/FPGA/Desktop/fpga-filter-hardware-20181127/standby.vhd 2018/10/16.16:04:25 J.40
EN work/STANDBY 1546936818 \
      FL C:/Users/FPGA/Desktop/fpga-filter-hardware-20181127/standby.vhd \
      PB ieee/std_logic_1164 1192821031 PH ieee/NUMERIC_STD 1192821033 \
      PB ieee/STD_LOGIC_UNSIGNED 1192821033 LB UNISIM PH unisim/VCOMPONENTS 1194566982 \
      PB work/standby_pkg 1546936797
AR work/STANDBY/STANDBY 1546936819 \
      FL C:/Users/FPGA/Desktop/fpga-filter-hardware-20181127/standby.vhd \
      EN work/STANDBY 1546936818 CP BUFG CP DETECTOR CP COUNT2TC_SYNC CP FD CP FDP \
      CP DCM_ADV CP DRP_ROBOT
FL C:/Users/FPGA/Desktop/fpga-filter-hardware-20181127/standby_pkg.vhd 2018/10/16.16:04:27 J.40
PH work/standby_pkg 1546936796 \
      FL C:/Users/FPGA/Desktop/fpga-filter-hardware-20181127/standby_pkg.vhd \
      PB ieee/std_logic_1164 1192821031
PB work/standby_pkg 1546936797 \
      FL C:/Users/FPGA/Desktop/fpga-filter-hardware-20181127/standby_pkg.vhd \
      PH work/standby_pkg 1546936796
FL C:/Users/FPGA/Desktop/fpga-filter-hardware-20181127/user_app.vhd 2018/12/18.15:28:47 J.40
EN work/user_app 1546936851 \
      FL C:/Users/FPGA/Desktop/fpga-filter-hardware-20181127/user_app.vhd \
      PB ieee/std_logic_1164 1192821031 PB ieee/STD_LOGIC_UNSIGNED 1192821033 \
      PB ieee/std_logic_misc 1192821032 PB ieee/std_logic_arith 1192821032 \
      PB work/memif 1546936809 PH work/memory_common 1546936820 PH work/user_defs 1546936831
AR work/user_app/mixed 1546936852 \
      FL C:/Users/FPGA/Desktop/fpga-filter-hardware-20181127/user_app.vhd \
      EN work/user_app 1546936851 CP filter
FL C:/Users/FPGA/Desktop/fpga-filter-hardware-20181127/user_defs_pkg-xrc4sx.vhd 2018/10/16.16:04:27 J.40
PH work/user_defs 1546936831 \
      FL C:/Users/FPGA/Desktop/fpga-filter-hardware-20181127/user_defs_pkg-xrc4sx.vhd \
      PB ieee/std_logic_1164 1192821031 PB ieee/std_logic_arith 1192821032 \
      PB ieee/std_logic_misc 1192821032 PB ieee/STD_LOGIC_UNSIGNED 1192821033 \
      PH work/memory_common 1546936820
FL C:/Users/FPGA/Desktop/fpga-filter-hardware-20181127/user_reg_sync.vhd 2018/10/16.16:04:27 J.40
EN work/user_reg_sync 1546936849 \
      FL C:/Users/FPGA/Desktop/fpga-filter-hardware-20181127/user_reg_sync.vhd \
      PB ieee/std_logic_1164 1192821031 PB ieee/std_logic_arith 1192821032 \
      PB ieee/std_logic_misc 1192821032 PB ieee/STD_LOGIC_UNSIGNED 1192821033 \
      PH work/memory_common 1546936820
AR work/user_reg_sync/rtl 1546936850 \
      FL C:/Users/FPGA/Desktop/fpga-filter-hardware-20181127/user_reg_sync.vhd \
      EN work/user_reg_sync 1546936849 CP FDCE CP reg_sync
FL C:/Users/FPGA/Desktop/fpga-filter-hardware-20181127/zbtsram_port.vhd 2018/10/16.16:04:24 J.40
EN work/zbtsram_port 1546936840 \
      FL C:/Users/FPGA/Desktop/fpga-filter-hardware-20181127/zbtsram_port.vhd \
      PB ieee/std_logic_1164 1192821031 PB ieee/STD_LOGIC_UNSIGNED 1192821033 \
      PB ieee/std_logic_arith 1192821032 PB ieee/std_logic_misc 1192821032 \
      PB work/memif 1546936809 PB work/memif_int 1546936822
AR work/zbtsram_port/mixed 1546936841 \
      FL C:/Users/FPGA/Desktop/fpga-filter-hardware-20181127/zbtsram_port.vhd \
      EN work/zbtsram_port 1546936840 CP OBUF CP IOBUF
